// Jest Snapshot v1, https://goo.gl/fbAQLP

exports[`renders setting page header correctly 1`] = `
<div
  className="src-shared-components-Settings-Header-___styles__page-state-header___186Yi"
>
  <div
    className="src-shared-components-Settings-Header-___styles__page-info___8tgl9"
  >
    <h1>
      Settings
    </h1>
  </div>
  <div
    className="src-shared-components-Settings-Header-___styles__menu-list___1PSWJ"
  >
    <a
      className="src-shared-components-Settings-Header-___styles__tab___2IDaU"
      onClick={[Function]}
      onKeyPress={[Function]}
      role="link"
      tabIndex={0}
    >
      Profile
    </a>
    <a
      className="src-shared-components-Settings-Header-___styles__tab___2IDaU"
      onClick={[Function]}
      onKeyPress={[Function]}
      role="link"
      tabIndex={0}
    >
      Tools
    </a>
    <a
      className="src-shared-components-Settings-Header-___styles__tab___2IDaU"
      onClick={[Function]}
      onKeyPress={[Function]}
      role="link"
      tabIndex={0}
    >
      Account
    </a>
    <a
      className="src-shared-components-Settings-Header-___styles__tab___2IDaU"
      onClick={[Function]}
      onKeyPress={[Function]}
      role="link"
      tabIndex={0}
    >
      Preferences
    </a>
  </div>
</div>
`;
