// Jest Snapshot v1, https://goo.gl/fbAQLP

exports[`Snapshot match 1`] = `
<main>
  <ThemedBanner
    composeAdhocTheme="deeply"
    composeContextTheme="softly"
    imageSrc="/community-app-assets/themes/wipro/learn/banner.jpg"
    link={null}
    mapThemrProps={[Function]}
    text="Our continuously evolving structured learning paths are customized to deepen your knowledge and help you acquire industry specific software capabilities. Master the in-demand technologies to succeed in this rapidly changing technology landscape."
    theme={
      Object {
        "container": "src-shared-components-tc-communities-communities-wipro-Learn-___style__bannerContainer___1MiM0",
        "content": "src-shared-components-tc-communities-communities-wipro-Learn-___style__bannerContent___2rbyc",
        "contentInner": "src-shared-components-tc-communities-communities-wipro-Learn-___style__bannerContentInner___4smdO",
      }
    }
    themePriority="adhoc-context-default"
    title="Learn and earn rewards"
  />
  <ThemedSection
    anchor={null}
    composeAdhocTheme="deeply"
    composeContextTheme="softly"
    link={null}
    mapThemrProps={[Function]}
    subTitle=""
    theme={Object {}}
    themePriority="adhoc-context-default"
    title={null}
  >
    <div
      className="src-shared-components-tc-communities-communities-wipro-Learn-___style__message___WgkPL"
    >
      <p>
        If  you are accessing TopGear 
        <span
          className="src-shared-components-tc-communities-communities-wipro-Learn-___style__highlighted___3U2lK"
        >
          Learning
        </span>
         Platform from 
        <strong>
          Wipro backbone network
        </strong>
        , click on “
        <strong>
          CONTINUE
        </strong>
        ” to access the platform.
      </p>
      <p>
        <ThemedGenericButton
          composeAdhocTheme="deeply"
          composeContextTheme="softly"
          disabled={false}
          enforceA={false}
          mapThemrProps={[Function]}
          onClick={null}
          openNewTab={true}
          replace={false}
          size={null}
          theme={
            Object {
              "button": "src-shared-components-tc-communities-communities-wipro-Learn-___style__continueButton___2UpkU",
            }
          }
          themePriority="adhoc-context-default"
          to="https://topgear-app.wipro.com"
        >
          Continue
        </ThemedGenericButton>
      </p>
      <p>
        To access TopGear 
        <span
          className="src-shared-components-tc-communities-communities-wipro-Learn-___style__highlighted___3U2lK"
        >
          Learning
        </span>
         Platform 
        <strong>
          outside of Wipro network
        </strong>
        , please follow the below  instructions:
      </p>
      <ol>
        <li>
          Send an email to 
          <a
            href="mailto:devenvaccessreq.topgear@wipro.com?subject=Internet%20TopGear%20portal%20access"
          >
            devenvaccessreq.topgear@wipro.com
          </a>
            with subject line 
          <em>
            Internet TopGear portal access
          </em>
          .
        </li>
        <li>
          You will receive an email 
          <span
            className="src-shared-components-tc-communities-communities-wipro-Learn-___style__ddashUnderline___3gT46"
          >
            within 24 hours
          </span>
            with details for accessing TopGear portal  through Virtual Desktop.
        </li>
        <li>
          Using Virtual Desktop you can access 
          <a
            href="https://topgear-app.wipro.com/"
          >
            https://topgear-app.wipro.com
          </a>
           to 
          <span
            className="src-shared-components-tc-communities-communities-wipro-Learn-___style__highlighted___3U2lK"
          >
            learn
          </span>
           new technologies.
        </li>
      </ol>
    </div>
  </ThemedSection>
</main>
`;
