// Jest Snapshot v1, https://goo.gl/fbAQLP

exports[`Matches shallow shapshot 1`] = `
<Switch
  enabled={false}
  onSwitch={[Function]}
  theme={
    Object {
      "disabled": "src-shared-components-Switch-style___disabled",
      "enabled": "src-shared-components-Switch-style___enabled",
      "handle": "src-shared-components-Switch-style___handle",
      "switch": "src-shared-components-Switch-style___switch",
    }
  }
/>
`;
