// Jest Snapshot v1, https://goo.gl/fbAQLP

exports[`Matches shallow shapshot 1`] = `
<div
  className="src-shared-components-Dashboard-SubtrackStats-___style__container___FXAWS"
>
  <Slider
    className="src-shared-components-Dashboard-SubtrackStats-___style__slider___3bN3G"
    infinite={false}
    nextArrow={
      <div>
        <ArrowNext
          height="19"
          viewBox="0 0 12 19"
          width="12"
          xmlns="http://www.w3.org/2000/svg"
        />
      </div>
    }
    prevArrow={
      <div>
        <ArrowPrev
          height="19"
          viewBox="0 0 12 19"
          width="12"
          xmlns="http://www.w3.org/2000/svg"
        />
      </div>
    }
    responsive={
      Array [
        Object {
          "breakpoint": 100,
          "settings": Object {
            "slidesToScroll": 1,
            "slidesToShow": 1,
          },
        },
        Object {
          "breakpoint": 200,
          "settings": Object {
            "slidesToScroll": 2,
            "slidesToShow": 2,
          },
        },
      ]
    }
    slidesToScroll={2}
    slidesToShow={2}
  >
    <div>
      <Dial
        handle="handle"
        stat={1000}
        statType={undefined}
        subTrack={undefined}
        track="DEVELOP"
      />
    </div>
    <div>
      <Dial
        handle="handle"
        stat={1000}
        statType={undefined}
        subTrack={undefined}
        track="DESIGN"
      />
    </div>
  </Slider>
</div>
`;
