// Jest Snapshot v1, https://goo.gl/fbAQLP

exports[`Match shadow snapshot 1`] = `
<main>
  <ThemedBanner
    composeAdhocTheme="deeply"
    composeContextTheme="softly"
    imageSrc="/community-app-assets/themes/community-2/home/banner.jpg"
    link={
      Object {
        "title": "Compete Now",
        "url": "challenges",
      }
    }
    mapThemrProps={[Function]}
    text="BAE's Hybrid Crowd gives our vast ecosystem of customers and partners options to access new range of skills that provide new value services and efficiency options all over the world."
    theme={Object {}}
    themePriority="adhoc-context-default"
    title="Community 2"
  />
  <Connect(CommunityStatsContainer) />
  <Connect(JoinCommunityContainer)
    theme={
      Object {
        "container": "src-shared-components-tc-communities-communities-community-2-Home-___style__joinContainer___rbxVd",
        "link": Object {
          "button": "src-shared-components-buttons-outline-round-open-sans-___green-uppercase__button___3hG4e",
        },
      }
    }
  />
  <ThemedSection
    anchor={null}
    composeAdhocTheme="deeply"
    composeContextTheme="softly"
    link={null}
    mapThemrProps={[Function]}
    subTitle=""
    theme={
      Object {
        "container": "src-shared-components-tc-communities-communities-community-2-Home-___style__linksContainer___CzMMR",
      }
    }
    themePriority="adhoc-context-default"
    title={null}
  >
    <div>
      <ThemedImageText
        composeAdhocTheme="deeply"
        composeContextTheme="softly"
        imageSrc="/community-app-assets/themes/community-2/home/image-text-learn.jpg"
        link={
          Object {
            "title": "Start Learning",
            "url": "learn",
          }
        }
        mapThemrProps={[Function]}
        text="Our continuously evolving structured learning paths, constantly abreast of the latest, tailored for employees to deepen your knowledge, infuses important software capabilities that are industry specific and help you get the skills you need to succeed."
        theme={Object {}}
        themePriority="adhoc-context-default"
        title="Improve Your Skills"
      />
      <ThemedImageText
        composeAdhocTheme="deeply"
        composeContextTheme="softly"
        imageSrc="/community-app-assets/themes/community-2/home/image-text-do.jpg"
        link={
          Object {
            "title": "Start Earning",
            "url": "challenges",
          }
        }
        mapThemrProps={[Function]}
        text="Rewards program is intended to celebrate and recognize your contribution. Rewards for project contributions are given using ‘Reward Points’. Points earned translate into badges. Quarterly rewards are given away to the toppers of all categories."
        theme={Object {}}
        themePriority="adhoc-context-default"
        title="Get Involved"
      />
    </div>
  </ThemedSection>
  <ThemedSection
    anchor={null}
    composeAdhocTheme="deeply"
    composeContextTheme="softly"
    link={null}
    mapThemrProps={[Function]}
    subTitle=""
    theme={
      Object {
        "container": "src-shared-components-tc-communities-communities-community-2-Home-___style__resourcesContainer___1Y23p",
      }
    }
    themePriority="adhoc-context-default"
    title={null}
  >
    <ThemedResourceCard
      composeAdhocTheme="deeply"
      composeContextTheme="softly"
      icon={[Function]}
      link={
        Object {
          "title": "Browse resources",
          "url": "learn",
        }
      }
      mapThemrProps={[Function]}
      text="Pellentesque non dignissim neque. Nunc vel rhoncus nibh, ut tincidunt turpis. Integer ac enim pellentesque, adipiscing metus id, pharetra odio."
      theme={Object {}}
      themePriority="adhoc-context-default"
      title="Up Your iOS and Swift Development Skills"
    />
    <ThemedResourceCard
      composeAdhocTheme="deeply"
      composeContextTheme="softly"
      icon={[Function]}
      link={
        Object {
          "title": "Learn about badges",
          "url": "leaderboard",
        }
      }
      mapThemrProps={[Function]}
      text="Donec bibendum nunc sit amet tortor scelerisque luctus et sit amet mauris. Suspendisse felis sem, condimentum ullamcorper est sit amet, molestie"
      theme={Object {}}
      themePriority="adhoc-context-default"
      title="Take the First Steps to Stand Out in the Community"
    />
    <ThemedResourceCard
      composeAdhocTheme="deeply"
      composeContextTheme="softly"
      icon={[Function]}
      link={
        Object {
          "title": "Browse challenges",
          "url": "challenges",
        }
      }
      mapThemrProps={[Function]}
      text="Suspendisse felis sem, condimentum ullamcorper est sit amet, molestie mollis nulla. Etiam lorem orci, consequat ac magna quis, facilisis"
      theme={Object {}}
      themePriority="adhoc-context-default"
      title="Compete in Challenges and Win Cash"
    />
  </ThemedSection>
  <NewsSection
    news={Array []}
    theme={
      Object {
        "card": Object {},
        "carouselContainer": "",
        "carouselDot": "",
        "carouselParent": "",
        "section": Object {},
      }
    }
  />
  <ThemedNewsletterSignup
    apikey=""
    buttonText="Sign Up"
    composeAdhocTheme="deeply"
    composeContextTheme="softly"
    emailPlaceholder="Email address"
    imageSrc="/community-app-assets/themes/community-2/subscribe-bg.jpg"
    mapThemrProps={[Function]}
    text="Don’t miss out on the latest Topcoder IOS challenges and information!"
    theme={Object {}}
    themePriority="adhoc-context-default"
    title="Sign up for our newsletter"
    url=""
  />
</main>
`;
