// Jest Snapshot v1, https://goo.gl/fbAQLP

exports[`Snapshot match 1`] = `
<Banner
  imageSrc="/themes/wipro/home/banner.jpg"
  link={null}
  text="You’re eager to get started, and we have a bunch of iOS/Swift challenges!"
  theme={
    Object {
      "container": "src-shared-components-tc-communities-Banner-style___container",
      "content": "src-shared-components-tc-communities-Banner-style___content",
      "contentBg": "src-shared-components-tc-communities-Banner-style___contentBg",
      "contentInner": "src-shared-components-tc-communities-Banner-style___contentInner",
      "text": "src-shared-components-tc-communities-Banner-style___text",
      "title": "src-shared-components-tc-communities-Banner-style___title",
    }
  }
  title="iOS"
/>
`;

exports[`Snapshot match 2`] = `
<Banner
  imageSrc="/themes/wipro/home/banner.jpg"
  link={
    Object {
      "title": "Compete Now",
      "url": "#",
    }
  }
  text="You’re eager to get started, and we have a bunch of iOS/Swift challenges!"
  theme={
    Object {
      "container": "container src-shared-components-tc-communities-Banner-style___container",
      "content": "content src-shared-components-tc-communities-Banner-style___content",
      "contentBg": "contentBg src-shared-components-tc-communities-Banner-style___contentBg",
      "contentInner": "contentInner src-shared-components-tc-communities-Banner-style___contentInner",
      "link": "link",
      "linkWrap": "linkWrap",
      "text": "text src-shared-components-tc-communities-Banner-style___text",
      "title": "title src-shared-components-tc-communities-Banner-style___title",
    }
  }
  title="iOS"
/>
`;
