// Jest Snapshot v1, https://goo.gl/fbAQLP

exports[`Properly starts with process.env.FRONT_ENV evaluating true Renders proper code (matching snapshot) 1`] = `
<div>
  <h1>
    Mock react-redux Provider
  </h1>
  <div>
    <h1>
      Mock react-router-dom BrowserRouter
    </h1>
    Mock Browser History
    <div>
      Application
    </div>
  </div>
</div>
`;
